[model] Expectation: user selection stored in hook properties.
[model] Result:
ðŸ”§ Creating configuration file: <REPO_ROOT>/tests/tmp/tmp_repo.XXXXXX/.git/hooks/prepare-commit-msg.properties
ðŸ“¦ Available Models in Ollama:
âœ… Selected model: pitch_llama3.2:latest
DEBUG: Final updated_lines content:
OLLAMA_MODEL=pitch_llama3.2:latest
âœ… Updated <REPO_ROOT>/tests/tmp/tmp_repo.XXXXXX/.git/hooks/prepare-commit-msg.properties with OLLAMA_MODEL=pitch_llama3.2:latest
[model] Verified configuration file.
